// Jest Snapshot v1, https://goo.gl/fbAQLP

exports[`should render the TodoStore 1`] = `null`;
